[www.trampolineisrael.co.il/index.html]
[backblue.gif]
[fade.gif]
[index.html]
[www.trampolineisrael.co.il/css/rwd.css0631.css]
[cdn.exiteme.com/index.html]
[maxcdn.bootstrapcdn.com/index.html]
[cdn.exiteme.com/js/jquery-1.9.1.min.js]
[cdn.exiteme.com/js/jquery-migrate-1.2.1.min.js]
[cdn.exiteme.com/js/gallery/jquery-ui-1.9.2.custom.min.js]
[www.trampolineisrael.co.il/css/styles.css6cd3.css]
[www.google-analytics.com/analytics.js]
[cdn.exiteme.com/exitetogo/www.trampolineisrael.co.il/gallery/sitepics/97ECCECD-BA56-8B30-E861-FB49D366D596.png]
[cdn.exiteme.com/exitetogo/www.trampolineisrael.co.il/gallery/sitepics/F2AEC13C-6B26-8184-E7C2-730C11A68EC9.png]
[www.trampolineisrael.co.il/category/פרופיל.html]
[www.trampolineisrael.co.il/category/וידאו.html]
[www.trampolineisrael.co.il/category/תמונות.html]
[www.trampolineisrael.co.il/category/מבצעים.html]
[www.trampolineisrael.co.il/category/חלקי-חילוף-לרכב.html]
[www.trampolineisrael.co.il/category/צרו-קשר.html]
[www.trampolineisrael.co.il/js/gallery/slider/galleria.dots.css]
[cdn.exiteme.com/exitetogo/www.trampolineisrael.co.il/gallery/sitepics/6541DCC1-2627-74BD-FA8F-B4D26DF9CCAA.jpg]
[cdn.exiteme.com/exitetogo/www.trampolineisrael.co.il/gallery/tumbs/6541DCC1-2627-74BD-FA8F-B4D26DF9CCAA.jpg]
[www.trampolineisrael.co.il/js/gallery/slider/galleria.js]
[cdn.exiteme.com/exitetogo/www.trampolineisrael.co.il/gallery/sitepics/5EF91B55-0225-5172-AC91-61E57CD41181.jpg]
[cdn.exiteme.com/exitetogo/www.trampolineisrael.co.il/gallery/tumbs/5EF91B55-0225-5172-AC91-61E57CD41181.jpg]
[cdn.exiteme.com/exitetogo/www.trampolineisrael.co.il/gallery/sitepics/02E6EFCA-9645-D0F0-B772-B201180D76A4.jpg]
[cdn.exiteme.com/exitetogo/www.trampolineisrael.co.il/gallery/tumbs/02E6EFCA-9645-D0F0-B772-B201180D76A4.jpg]
[cdn.exiteme.com/exitetogo/www.trampolineisrael.co.il/gallery/sitepics/7E8ED3D1-65A3-9E14-9947-0566E3947306.jpg]
[cdn.exiteme.com/exitetogo/www.trampolineisrael.co.il/gallery/tumbs/7E8ED3D1-65A3-9E14-9947-0566E3947306.jpg]
[www.trampolineisrael.co.il/js/gallery/slider/galleria.dots.js]
[www.trampolineisrael.co.il/js/jquery.vticker.js]
[cdn.exiteme.com/exitetogo/www.trampolineisrael.co.il/gallery/64EA4F90-CBBE-FFDD-B731-106B62F3AC1C.jpg]
[www.trampolineisrael.co.il/iframeCustomForm00cd.html]
[cdn.exiteme.com/images/pixel.png]
[res.cloudinary.com/exite/image/upload/c_scale,w_auto/exitetogo/www.trampolineisrael.co.il/gallery/64EA4F90-CBBE-FFDD-B731-106B62F3AC1C.jpg]
[cdn.exiteme.com/exitetogo/www.trampolineisrael.co.il/gallery/12BE73E9-30A1-D179-B09A-173ACC5FFE65.jpg]
[res.cloudinary.com/exite/image/upload/c_scale,w_auto/exitetogo/www.trampolineisrael.co.il/gallery/12BE73E9-30A1-D179-B09A-173ACC5FFE65.jpg]
[cdn.exiteme.com/exitetogo/www.trampolineisrael.co.il/gallery/59CF47A9-7F1E-B03C-E34C-380495D5FB8B.jpg]
[res.cloudinary.com/exite/image/upload/c_scale,w_auto/exitetogo/www.trampolineisrael.co.il/gallery/59CF47A9-7F1E-B03C-E34C-380495D5FB8B.jpg]
[cdn.exiteme.com/exitetogo/www.trampolineisrael.co.il/gallery/0EBBA6DD-98C1-6FA6-01B2-B439CB3846BB.jpg]
[res.cloudinary.com/exite/image/upload/c_scale,w_auto/exitetogo/www.trampolineisrael.co.il/gallery/0EBBA6DD-98C1-6FA6-01B2-B439CB3846BB.jpg]
[cdn.exiteme.com/exitetogo/www.trampolineisrael.co.il/gallery/280406BF-2F49-1BC3-48E7-CC9394517E5C.jpg]
[res.cloudinary.com/exite/image/upload/c_scale,w_auto/exitetogo/www.trampolineisrael.co.il/gallery/280406BF-2F49-1BC3-48E7-CC9394517E5C.jpg]
[cdn.exiteme.com/exitetogo/www.trampolineisrael.co.il/gallery/96F0BCE8-39A7-8646-C40D-648A59272613.jpg]
[res.cloudinary.com/exite/image/upload/c_scale,w_auto/exitetogo/www.trampolineisrael.co.il/gallery/96F0BCE8-39A7-8646-C40D-648A59272613.jpg]
[cdn.exiteme.com/exitetogo/www.trampolineisrael.co.il/gallery/96F0FBB7-EE60-4ABA-3EF0-42FCA3443467.jpg]
[res.cloudinary.com/exite/image/upload/c_scale,w_auto/exitetogo/www.trampolineisrael.co.il/gallery/96F0FBB7-EE60-4ABA-3EF0-42FCA3443467.jpg]
[cdn.exiteme.com/exitetogo/www.trampolineisrael.co.il/gallery/97D0AFA5-0794-E1A6-76F1-6745997E97C8.png]
[res.cloudinary.com/exite/image/upload/c_scale,w_auto/exitetogo/www.trampolineisrael.co.il/gallery/97D0AFA5-0794-E1A6-76F1-6745997E97C8.png]
[cdn.exiteme.com/exitetogo/www.trampolineisrael.co.il/gallery/40900CA8-74F0-C5EF-B701-5302D8DE0CF3.jpg]
[res.cloudinary.com/exite/image/upload/c_scale,w_auto/exitetogo/www.trampolineisrael.co.il/gallery/40900CA8-74F0-C5EF-B701-5302D8DE0CF3.jpg]
[cdn.exiteme.com/exitetogo/www.trampolineisrael.co.il/gallery/14B9B4D0-48F1-CC3F-E7A8-4A41562BE41A.jpg]
[res.cloudinary.com/exite/image/upload/c_scale,w_auto/exitetogo/www.trampolineisrael.co.il/gallery/14B9B4D0-48F1-CC3F-E7A8-4A41562BE41A.jpg]
[cdn.exiteme.com/js/jquery.matchHeight-min.js]
[connect.facebook.net/he_IL/sdk.js]
[www.trampolineisrael.co.il/js/rwd.js.responsiveaba9.php]
[cdn.exiteme.com/js/jquery.lazy.min.js]
[cdn.exiteme.com/js/jquery.smooth-scroll.min.js]
[cdn.exiteme.com/js/jquery.ba-bbq.min.js]
[cdn.exiteme.com/css/fa/css/fontawesome-all.min.css]
[www.trampolineisrael.co.il/css/rwd-post.cssb996.css]
[cdn.exiteme.com/exitetogo/www.trampolineisrael.co.il/userfiles/images/logo_small_footer_black.png]
[cdn.exiteme.com/js/gallery/fancybox3.3/jquery.fancybox.min9c7f.css]
[cdn.exiteme.com/js/gallery/fancybox3.3/jquery.fancybox.min9c7f.js]
[cdn.exiteme.com/js/wow.min.js]
[cdnjs.cloudflare.com/ajax/libs/animate.css/4.0.0/animate.compat.css]
[cdn.exiteme.com/css/he_fonts.css]
[cdn.exiteme.com/css/animate.css]
[www.trampolineisrael.co.il/js/logger.js]
[cdn.exiteme.com/js/countdown/startc987.js]
[www.trampolineisrael.co.il/index.html]
[cdn.exiteme.com/index.html]
[maxcdn.bootstrapcdn.com/index.html]
[fonts.gstatic.com/index.html]
[www.trampolineisrael.co.il/css/rwd.css0631.css]
[cdn.exiteme.com/exitetogo/www.trampolineisrael.co.il/gallery/sitepics/C83B153A-2ACB-23C0-2622-C02B6CE69D08.jpg]
[cdn.exiteme.com/exitetogo/www.trampolineisrael.co.il/images/background.43.delayed]
[cdn.exiteme.com/images/arrow-up-exite.png]
[cdn.exiteme.com/exitetogo/www.trampolineisrael.co.il/images/zoom_gallery.png]
[cdn.exiteme.com/exitetogo/www.trampolineisrael.co.il/images/select_arrow_down2.png]
[www.trampolineisrael.co.il/css/styles.css6cd3.css]
[cdn.exiteme.com/exitetogo/www.trampolineisrael.co.il/gallery/sitepics/EDF1D1F7-0DF4-9EAC-1D57-E4F68464101B.jpg]
[cdn.exiteme.com/exitetogo/www.trampolineisrael.co.il/gallery/sitepics/EB10E9DA-0E0C-B811-89F9-3F1178F74288.jpg]
[www.trampolineisrael.co.il/css/styles.cssc965.css]
[cdn.exiteme.com/exitetogo/www.trampolineisrael.co.il/gallery/tumbs/EB10E9DA-0E0C-B811-89F9-3F1178F74288.jpg]
[cdn.exiteme.com/exitetogo/www.trampolineisrael.co.il/gallery/sitepics/4ACEFD81-BD86-CBAD-0085-338BB07B2DED.jpg]
[cdn.exiteme.com/exitetogo/www.trampolineisrael.co.il/gallery/tumbs/4ACEFD81-BD86-CBAD-0085-338BB07B2DED.jpg]
[www.trampolineisrael.co.il/category/פרופיל.html]
[cdn.exiteme.com/exitetogo/www.trampolineisrael.co.il/gallery/sitepics/58DEC231-C572-E2AA-F798-332CECB1CE6B.jpg]
[www.trampolineisrael.co.il/js/rwd.js.responsiveab73.php]
[www.trampolineisrael.co.il/css/styles.css0707.css]
[res.cloudinary.com/exite/image/upload/f_auto/exitetogo/www.trampolineisrael.co.il/gallery/sitepics/58DEC231-C572-E2AA-F798-332CECB1CE6B.jpg]
[www.trampolineisrael.co.il/images/video-bot-circle.png]
[cdn.exiteme.com/js/isotope.pkgd.min.js]
[cdn.exiteme.com/js/imagesloaded.pkgd.min.js]
[res.cloudinary.com/exite/image/fetch/c_fill,g_faces,w_auto,h_119/http_/img.youtube.com/vi/FNiBprntx0w/mqdefault.jpg]
[cdn.exiteme.com/images/pic_loading.png]
[www.trampolineisrael.co.il/category/וידאו.html]
[cdn.exiteme.com/exitetogo/www.trampolineisrael.co.il/gallery/sitepics/5748D18D-C0ED-7680-B355-F722BAF6EF5D.jpg]
[www.trampolineisrael.co.il/js/rwd.js.responsiveb00b.php]
[res.cloudinary.com/exite/image/upload/f_auto/exitetogo/www.trampolineisrael.co.il/gallery/sitepics/5748D18D-C0ED-7680-B355-F722BAF6EF5D.jpg]
[cdn.exiteme.com/exitetogo/www.trampolineisrael.co.il/gallery/E123865D-45A1-FAAD-913A-C8C4F89A0A59.jpg]
[www.trampolineisrael.co.il/css/styles.css85f4.css]
[cdn.exiteme.com/exitetogo/www.trampolineisrael.co.il/gallery/E123865D-45A1-FAAD-913A-C8C4F89A0A595a27.jpg]
[res.cloudinary.com/exite/image/upload/c_fill,g_faces,w_auto,h_149/exitetogo/www.trampolineisrael.co.il/gallery/E123865D-45A1-FAAD-913A-C8C4F89A0A59.jpg]
[cdn.exiteme.com/exitetogo/www.trampolineisrael.co.il/gallery/7C69FED3-3CE6-2D8D-E28E-AB7192AED8CC.jpg]
[cdn.exiteme.com/exitetogo/www.trampolineisrael.co.il/gallery/7C69FED3-3CE6-2D8D-E28E-AB7192AED8CC5a27.jpg]
[res.cloudinary.com/exite/image/upload/c_fill,g_faces,w_auto,h_149/exitetogo/www.trampolineisrael.co.il/gallery/7C69FED3-3CE6-2D8D-E28E-AB7192AED8CC.jpg]
[cdn.exiteme.com/exitetogo/www.trampolineisrael.co.il/gallery/864FFC96-D4DC-C897-A7DB-1CF23F7320E4.jpg]
[cdn.exiteme.com/exitetogo/www.trampolineisrael.co.il/gallery/864FFC96-D4DC-C897-A7DB-1CF23F7320E45a27.jpg]
[res.cloudinary.com/exite/image/upload/c_fill,g_faces,w_auto,h_149/exitetogo/www.trampolineisrael.co.il/gallery/864FFC96-D4DC-C897-A7DB-1CF23F7320E4.jpg]
[cdn.exiteme.com/exitetogo/www.trampolineisrael.co.il/gallery/113E160F-DBFD-3256-0336-2E00DB1B0ABC.jpg]
[cdn.exiteme.com/exitetogo/www.trampolineisrael.co.il/gallery/113E160F-DBFD-3256-0336-2E00DB1B0ABC5a27.jpg]
[res.cloudinary.com/exite/image/upload/c_fill,g_faces,w_auto,h_149/exitetogo/www.trampolineisrael.co.il/gallery/113E160F-DBFD-3256-0336-2E00DB1B0ABC.jpg]
[cdn.exiteme.com/exitetogo/www.trampolineisrael.co.il/gallery/D8656606-88C3-7785-EBFF-40EA805DD1DE.jpg]
[cdn.exiteme.com/exitetogo/www.trampolineisrael.co.il/gallery/D8656606-88C3-7785-EBFF-40EA805DD1DE5a27.jpg]
[res.cloudinary.com/exite/image/upload/c_fill,g_faces,w_auto,h_149/exitetogo/www.trampolineisrael.co.il/gallery/D8656606-88C3-7785-EBFF-40EA805DD1DE.jpg]
[cdn.exiteme.com/exitetogo/www.trampolineisrael.co.il/gallery/EEDF7846-3CBD-080B-D11C-72C686F09D9B.jpg]
[cdn.exiteme.com/exitetogo/www.trampolineisrael.co.il/gallery/EEDF7846-3CBD-080B-D11C-72C686F09D9B5a27.jpg]
[res.cloudinary.com/exite/image/upload/c_fill,g_faces,w_auto,h_149/exitetogo/www.trampolineisrael.co.il/gallery/EEDF7846-3CBD-080B-D11C-72C686F09D9B.jpg]
[cdn.exiteme.com/exitetogo/www.trampolineisrael.co.il/gallery/7D6DCC69-221F-D72A-1C0F-23DE9C5FE17E.jpg]
[cdn.exiteme.com/exitetogo/www.trampolineisrael.co.il/gallery/7D6DCC69-221F-D72A-1C0F-23DE9C5FE17E5a27.jpg]
[res.cloudinary.com/exite/image/upload/c_fill,g_faces,w_auto,h_149/exitetogo/www.trampolineisrael.co.il/gallery/7D6DCC69-221F-D72A-1C0F-23DE9C5FE17E.jpg]
[cdn.exiteme.com/exitetogo/www.trampolineisrael.co.il/gallery/32196F50-DB69-1068-BA06-22A8D12210A3.jpg]
[cdn.exiteme.com/exitetogo/www.trampolineisrael.co.il/gallery/32196F50-DB69-1068-BA06-22A8D12210A35a27.jpg]
[res.cloudinary.com/exite/image/upload/c_fill,g_faces,w_auto,h_149/exitetogo/www.trampolineisrael.co.il/gallery/32196F50-DB69-1068-BA06-22A8D12210A3.jpg]
[cdn.exiteme.com/exitetogo/www.trampolineisrael.co.il/gallery/9391E3EF-0D32-109D-E7E0-A8567E1654F5.jpg]
[cdn.exiteme.com/exitetogo/www.trampolineisrael.co.il/gallery/9391E3EF-0D32-109D-E7E0-A8567E1654F55a27.jpg]
[res.cloudinary.com/exite/image/upload/c_fill,g_faces,w_auto,h_149/exitetogo/www.trampolineisrael.co.il/gallery/9391E3EF-0D32-109D-E7E0-A8567E1654F5.jpg]
[cdn.exiteme.com/exitetogo/www.trampolineisrael.co.il/gallery/835AB055-22E4-1526-D099-476F216DB68F.jpg]
[cdn.exiteme.com/exitetogo/www.trampolineisrael.co.il/gallery/835AB055-22E4-1526-D099-476F216DB68F5a27.jpg]
[res.cloudinary.com/exite/image/upload/c_fill,g_faces,w_auto,h_149/exitetogo/www.trampolineisrael.co.il/gallery/835AB055-22E4-1526-D099-476F216DB68F.jpg]
[cdn.exiteme.com/exitetogo/www.trampolineisrael.co.il/gallery/3EB90F93-87E3-0D9A-A3F6-02F2AC8D0D60.jpg]
[cdn.exiteme.com/exitetogo/www.trampolineisrael.co.il/gallery/3EB90F93-87E3-0D9A-A3F6-02F2AC8D0D605a27.jpg]
[res.cloudinary.com/exite/image/upload/c_fill,g_faces,w_auto,h_149/exitetogo/www.trampolineisrael.co.il/gallery/3EB90F93-87E3-0D9A-A3F6-02F2AC8D0D60.jpg]
[cdn.exiteme.com/exitetogo/www.trampolineisrael.co.il/gallery/03509CB3-F555-AE2E-41D6-356DEE2BE4DC.jpg]
[cdn.exiteme.com/exitetogo/www.trampolineisrael.co.il/gallery/03509CB3-F555-AE2E-41D6-356DEE2BE4DC5a27.jpg]
[res.cloudinary.com/exite/image/upload/c_fill,g_faces,w_auto,h_149/exitetogo/www.trampolineisrael.co.il/gallery/03509CB3-F555-AE2E-41D6-356DEE2BE4DC.jpg]
[cdn.exiteme.com/exitetogo/www.trampolineisrael.co.il/gallery/48D5ABC0-3488-6BF4-9334-8EF32A3C55FB.jpg]
[cdn.exiteme.com/exitetogo/www.trampolineisrael.co.il/gallery/48D5ABC0-3488-6BF4-9334-8EF32A3C55FB5a27.jpg]
[res.cloudinary.com/exite/image/upload/c_fill,g_faces,w_auto,h_149/exitetogo/www.trampolineisrael.co.il/gallery/48D5ABC0-3488-6BF4-9334-8EF32A3C55FB.jpg]
[cdn.exiteme.com/exitetogo/www.trampolineisrael.co.il/gallery/E37D3B23-758A-42DC-7F41-EE3F1BF8AF2F.jpg]
[cdn.exiteme.com/exitetogo/www.trampolineisrael.co.il/gallery/E37D3B23-758A-42DC-7F41-EE3F1BF8AF2F5a27.jpg]
[res.cloudinary.com/exite/image/upload/c_fill,g_faces,w_auto,h_149/exitetogo/www.trampolineisrael.co.il/gallery/E37D3B23-758A-42DC-7F41-EE3F1BF8AF2F.jpg]
[cdn.exiteme.com/exitetogo/www.trampolineisrael.co.il/gallery/BDF3DE7F-C4E6-AF25-7764-D1B98AF7835F.jpg]
[res.cloudinary.com/exite/image/upload/c_fill,g_faces,w_auto,h_149/exitetogo/www.trampolineisrael.co.il/gallery/BDF3DE7F-C4E6-AF25-7764-D1B98AF7835F.jpg]
[cdn.exiteme.com/exitetogo/www.trampolineisrael.co.il/gallery/F30821A6-AF06-E157-4570-2A923DC044CA.jpg]
[cdn.exiteme.com/exitetogo/www.trampolineisrael.co.il/gallery/F30821A6-AF06-E157-4570-2A923DC044CA5a27.jpg]
[res.cloudinary.com/exite/image/upload/c_fill,g_faces,w_auto,h_149/exitetogo/www.trampolineisrael.co.il/gallery/F30821A6-AF06-E157-4570-2A923DC044CA.jpg]
[cdn.exiteme.com/exitetogo/www.trampolineisrael.co.il/gallery/0A8161E9-C75A-D26F-2187-D3533D65D02F.jpg]
[res.cloudinary.com/exite/image/upload/c_fill,g_faces,w_auto,h_149/exitetogo/www.trampolineisrael.co.il/gallery/0A8161E9-C75A-D26F-2187-D3533D65D02F.jpg]
[cdn.exiteme.com/exitetogo/www.trampolineisrael.co.il/gallery/8DC798E6-8F2C-CD64-EB61-5B51106E0618.jpg]
[cdn.exiteme.com/exitetogo/www.trampolineisrael.co.il/gallery/8DC798E6-8F2C-CD64-EB61-5B51106E06185a27.jpg]
[res.cloudinary.com/exite/image/upload/c_fill,g_faces,w_auto,h_149/exitetogo/www.trampolineisrael.co.il/gallery/8DC798E6-8F2C-CD64-EB61-5B51106E0618.jpg]
[cdn.exiteme.com/exitetogo/www.trampolineisrael.co.il/gallery/663C4712-EC61-2FDE-CE95-834BB83E7303.jpg]
[cdn.exiteme.com/exitetogo/www.trampolineisrael.co.il/gallery/663C4712-EC61-2FDE-CE95-834BB83E73035a27.jpg]
[res.cloudinary.com/exite/image/upload/c_fill,g_faces,w_auto,h_149/exitetogo/www.trampolineisrael.co.il/gallery/663C4712-EC61-2FDE-CE95-834BB83E7303.jpg]
[cdn.exiteme.com/exitetogo/www.trampolineisrael.co.il/gallery/B1E014E7-A715-1855-80A2-1460775DA48D.jpg]
[cdn.exiteme.com/exitetogo/www.trampolineisrael.co.il/gallery/B1E014E7-A715-1855-80A2-1460775DA48D5a27.jpg]
[res.cloudinary.com/exite/image/upload/c_fill,g_faces,w_auto,h_149/exitetogo/www.trampolineisrael.co.il/gallery/B1E014E7-A715-1855-80A2-1460775DA48D.jpg]
[cdn.exiteme.com/exitetogo/www.trampolineisrael.co.il/gallery/6E93361F-4E04-F06B-88C9-5633A299B5BA.jpg]
[cdn.exiteme.com/exitetogo/www.trampolineisrael.co.il/gallery/6E93361F-4E04-F06B-88C9-5633A299B5BA5a27.jpg]
[res.cloudinary.com/exite/image/upload/c_fill,g_faces,w_auto,h_149/exitetogo/www.trampolineisrael.co.il/gallery/6E93361F-4E04-F06B-88C9-5633A299B5BA.jpg]
[cdn.exiteme.com/exitetogo/www.trampolineisrael.co.il/gallery/190F2CBC-122B-EC9E-19D4-3D292F1519A1.jpg]
[cdn.exiteme.com/exitetogo/www.trampolineisrael.co.il/gallery/190F2CBC-122B-EC9E-19D4-3D292F1519A15a27.jpg]
[res.cloudinary.com/exite/image/upload/c_fill,g_faces,w_auto,h_149/exitetogo/www.trampolineisrael.co.il/gallery/190F2CBC-122B-EC9E-19D4-3D292F1519A1.jpg]
[cdn.exiteme.com/exitetogo/www.trampolineisrael.co.il/gallery/8847AAAE-EA07-02F4-E728-DA4E6F781646.jpg]
[cdn.exiteme.com/exitetogo/www.trampolineisrael.co.il/gallery/8847AAAE-EA07-02F4-E728-DA4E6F7816465a27.jpg]
[res.cloudinary.com/exite/image/upload/c_fill,g_faces,w_auto,h_149/exitetogo/www.trampolineisrael.co.il/gallery/8847AAAE-EA07-02F4-E728-DA4E6F781646.jpg]
[cdn.exiteme.com/exitetogo/www.trampolineisrael.co.il/gallery/81062C95-9F42-D715-5BF8-182219C0B1D0.jpg]
[cdn.exiteme.com/exitetogo/www.trampolineisrael.co.il/gallery/81062C95-9F42-D715-5BF8-182219C0B1D05a27.jpg]
[res.cloudinary.com/exite/image/upload/c_fill,g_faces,w_auto,h_149/exitetogo/www.trampolineisrael.co.il/gallery/81062C95-9F42-D715-5BF8-182219C0B1D0.jpg]
[cdn.exiteme.com/exitetogo/www.trampolineisrael.co.il/gallery/F73234E3-91B5-B17A-AFF3-285E679F87A4.jpg]
[cdn.exiteme.com/exitetogo/www.trampolineisrael.co.il/gallery/F73234E3-91B5-B17A-AFF3-285E679F87A45a27.jpg]
[res.cloudinary.com/exite/image/upload/c_fill,g_faces,w_auto,h_149/exitetogo/www.trampolineisrael.co.il/gallery/F73234E3-91B5-B17A-AFF3-285E679F87A4.jpg]
[cdn.exiteme.com/exitetogo/www.trampolineisrael.co.il/gallery/65E08C0C-C0AC-8C83-65AE-80FC0235803C.jpg]
[cdn.exiteme.com/exitetogo/www.trampolineisrael.co.il/gallery/65E08C0C-C0AC-8C83-65AE-80FC0235803C5a27.jpg]
[res.cloudinary.com/exite/image/upload/c_fill,g_faces,w_auto,h_149/exitetogo/www.trampolineisrael.co.il/gallery/65E08C0C-C0AC-8C83-65AE-80FC0235803C.jpg]
[cdn.exiteme.com/exitetogo/www.trampolineisrael.co.il/gallery/0E22F68F-6D2F-1CD1-6619-A1103CE41979.jpg]
[cdn.exiteme.com/exitetogo/www.trampolineisrael.co.il/gallery/0E22F68F-6D2F-1CD1-6619-A1103CE419795a27.jpg]
[res.cloudinary.com/exite/image/upload/c_fill,g_faces,w_auto,h_149/exitetogo/www.trampolineisrael.co.il/gallery/0E22F68F-6D2F-1CD1-6619-A1103CE41979.jpg]
[cdn.exiteme.com/exitetogo/www.trampolineisrael.co.il/gallery/DB6512CC-3E03-C536-2D0B-947661D6472E.jpg]
[cdn.exiteme.com/exitetogo/www.trampolineisrael.co.il/gallery/DB6512CC-3E03-C536-2D0B-947661D6472E5a27.jpg]
[res.cloudinary.com/exite/image/upload/c_fill,g_faces,w_auto,h_149/exitetogo/www.trampolineisrael.co.il/gallery/DB6512CC-3E03-C536-2D0B-947661D6472E.jpg]
[cdn.exiteme.com/exitetogo/www.trampolineisrael.co.il/gallery/38B0E706-2A8F-6925-C6D6-FD45F5A60D4C.jpg]
[cdn.exiteme.com/exitetogo/www.trampolineisrael.co.il/gallery/38B0E706-2A8F-6925-C6D6-FD45F5A60D4C5a27.jpg]
[res.cloudinary.com/exite/image/upload/c_fill,g_faces,w_auto,h_149/exitetogo/www.trampolineisrael.co.il/gallery/38B0E706-2A8F-6925-C6D6-FD45F5A60D4C.jpg]
[cdn.exiteme.com/exitetogo/www.trampolineisrael.co.il/gallery/961C58EF-73C7-27CD-8757-105604B1718C.jpg]
[res.cloudinary.com/exite/image/upload/c_fill,g_faces,w_auto,h_149/exitetogo/www.trampolineisrael.co.il/gallery/961C58EF-73C7-27CD-8757-105604B1718C.jpg]
[cdn.exiteme.com/exitetogo/www.trampolineisrael.co.il/gallery/FA62F150-9262-A6DC-AE5D-680E9AF03068.jpg]
[cdn.exiteme.com/exitetogo/www.trampolineisrael.co.il/gallery/FA62F150-9262-A6DC-AE5D-680E9AF030685a27.jpg]
[res.cloudinary.com/exite/image/upload/c_fill,g_faces,w_auto,h_149/exitetogo/www.trampolineisrael.co.il/gallery/FA62F150-9262-A6DC-AE5D-680E9AF03068.jpg]
[cdn.exiteme.com/exitetogo/www.trampolineisrael.co.il/gallery/FD53EBC5-56C9-7EC9-361F-7320466DBA66.jpg]
[cdn.exiteme.com/exitetogo/www.trampolineisrael.co.il/gallery/FD53EBC5-56C9-7EC9-361F-7320466DBA665a27.jpg]
[res.cloudinary.com/exite/image/upload/c_fill,g_faces,w_auto,h_149/exitetogo/www.trampolineisrael.co.il/gallery/FD53EBC5-56C9-7EC9-361F-7320466DBA66.jpg]
[cdn.exiteme.com/exitetogo/www.trampolineisrael.co.il/gallery/195D8CF0-566C-5DC1-B99F-E2AD6A79AB65.jpg]
[cdn.exiteme.com/exitetogo/www.trampolineisrael.co.il/gallery/195D8CF0-566C-5DC1-B99F-E2AD6A79AB655a27.jpg]
[res.cloudinary.com/exite/image/upload/c_fill,g_faces,w_auto,h_149/exitetogo/www.trampolineisrael.co.il/gallery/195D8CF0-566C-5DC1-B99F-E2AD6A79AB65.jpg]
[cdn.exiteme.com/exitetogo/www.trampolineisrael.co.il/gallery/46B6F4D6-A98C-B384-C1D2-B5C5C5F07F4F.jpg]
[cdn.exiteme.com/exitetogo/www.trampolineisrael.co.il/gallery/46B6F4D6-A98C-B384-C1D2-B5C5C5F07F4F5a27.jpg]
[res.cloudinary.com/exite/image/upload/c_fill,g_faces,w_auto,h_149/exitetogo/www.trampolineisrael.co.il/gallery/46B6F4D6-A98C-B384-C1D2-B5C5C5F07F4F.jpg]
[cdn.exiteme.com/exitetogo/www.trampolineisrael.co.il/gallery/CD6C2DD1-B649-CE0F-B7C2-77E8C1825ACD.jpg]
[cdn.exiteme.com/exitetogo/www.trampolineisrael.co.il/gallery/CD6C2DD1-B649-CE0F-B7C2-77E8C1825ACD5a27.jpg]
[res.cloudinary.com/exite/image/upload/c_fill,g_faces,w_auto,h_149/exitetogo/www.trampolineisrael.co.il/gallery/CD6C2DD1-B649-CE0F-B7C2-77E8C1825ACD.jpg]
[cdn.exiteme.com/exitetogo/www.trampolineisrael.co.il/gallery/2D2036B2-F35B-AD3E-5862-509A00146CFB.jpg]
[cdn.exiteme.com/exitetogo/www.trampolineisrael.co.il/gallery/2D2036B2-F35B-AD3E-5862-509A00146CFB5a27.jpg]
[res.cloudinary.com/exite/image/upload/c_fill,g_faces,w_auto,h_149/exitetogo/www.trampolineisrael.co.il/gallery/2D2036B2-F35B-AD3E-5862-509A00146CFB.jpg]
[cdn.exiteme.com/exitetogo/www.trampolineisrael.co.il/gallery/3C395EE8-34B5-9014-080B-B921B6227364.jpg]
[cdn.exiteme.com/exitetogo/www.trampolineisrael.co.il/gallery/3C395EE8-34B5-9014-080B-B921B62273645a27.jpg]
[res.cloudinary.com/exite/image/upload/c_fill,g_faces,w_auto,h_149/exitetogo/www.trampolineisrael.co.il/gallery/3C395EE8-34B5-9014-080B-B921B6227364.jpg]
[cdn.exiteme.com/exitetogo/www.trampolineisrael.co.il/gallery/1E36D202-5F00-DA3D-1B43-12FA677B521D.jpg]
[res.cloudinary.com/exite/image/upload/c_fill,g_faces,w_auto,h_149/exitetogo/www.trampolineisrael.co.il/gallery/1E36D202-5F00-DA3D-1B43-12FA677B521D.jpg]
[cdn.exiteme.com/exitetogo/www.trampolineisrael.co.il/gallery/E63DF963-71BE-2723-98E8-9A3DB2C8E2B2.jpg]
[cdn.exiteme.com/exitetogo/www.trampolineisrael.co.il/gallery/E63DF963-71BE-2723-98E8-9A3DB2C8E2B25a27.jpg]
[res.cloudinary.com/exite/image/upload/c_fill,g_faces,w_auto,h_149/exitetogo/www.trampolineisrael.co.il/gallery/E63DF963-71BE-2723-98E8-9A3DB2C8E2B2.jpg]
[cdn.exiteme.com/exitetogo/www.trampolineisrael.co.il/gallery/27376D97-2DBA-D449-583F-238E1853238E.jpg]
[cdn.exiteme.com/exitetogo/www.trampolineisrael.co.il/gallery/27376D97-2DBA-D449-583F-238E1853238E5a27.jpg]
[res.cloudinary.com/exite/image/upload/c_fill,g_faces,w_auto,h_149/exitetogo/www.trampolineisrael.co.il/gallery/27376D97-2DBA-D449-583F-238E1853238E.jpg]
[cdn.exiteme.com/exitetogo/www.trampolineisrael.co.il/gallery/A4EED51E-3BDD-9FF9-50EF-4F0C61C64377.jpg]
[cdn.exiteme.com/exitetogo/www.trampolineisrael.co.il/gallery/A4EED51E-3BDD-9FF9-50EF-4F0C61C643775a27.jpg]
[res.cloudinary.com/exite/image/upload/c_fill,g_faces,w_auto,h_149/exitetogo/www.trampolineisrael.co.il/gallery/A4EED51E-3BDD-9FF9-50EF-4F0C61C64377.jpg]
[www.trampolineisrael.co.il/category/תמונות.html]
[cdn.exiteme.com/exitetogo/www.trampolineisrael.co.il/gallery/sitepics/543DAF22-7974-4F2C-C758-8190646A1A08.jpg]
[www.trampolineisrael.co.il/js/rwd.js.responsiveba59.php]
[cdn.exiteme.com/exitetogo/www.trampolineisrael.co.il/gallery/sitepics/FE4DB034-86F5-8553-C5D3-4BE9FB2ABBE2.jpg]
[cdn.exiteme.com/exitetogo/www.trampolineisrael.co.il/gallery/tumbs/FE4DB034-86F5-8553-C5D3-4BE9FB2ABBE2.jpg]
[www.trampolineisrael.co.il/css/styles.css2b24.css]
[cdn.exiteme.com/exitetogo/www.trampolineisrael.co.il/gallery/sitepics/006EFB9A-910C-4FEF-5202-24531EE7C587.jpg]
[cdn.exiteme.com/exitetogo/www.trampolineisrael.co.il/gallery/tumbs/006EFB9A-910C-4FEF-5202-24531EE7C587.jpg]
[cdn.exiteme.com/exitetogo/www.trampolineisrael.co.il/gallery/sitepics/CE6CA636-57EB-8864-37C1-086E63772315.jpg]
[cdn.exiteme.com/exitetogo/www.trampolineisrael.co.il/gallery/tumbs/CE6CA636-57EB-8864-37C1-086E63772315.jpg]
[cdn.exiteme.com/exitetogo/www.trampolineisrael.co.il/gallery/sitepics/56BFA314-18B0-4358-D291-D583A9E57E6E.jpg]
[cdn.exiteme.com/exitetogo/www.trampolineisrael.co.il/gallery/tumbs/56BFA314-18B0-4358-D291-D583A9E57E6E.jpg]
[www.trampolineisrael.co.il/js/rwd.js.responsive6b06.php]
[www.trampolineisrael.co.il/category/מבצעים.html]
[cdn.exiteme.com/exitetogo/www.trampolineisrael.co.il/gallery/sitepics/7DB7731E-DBB5-8DF4-0543-D0D1C81DE701.png]
[res.cloudinary.com/exite/image/upload/f_auto/exitetogo/www.trampolineisrael.co.il/gallery/sitepics/7DB7731E-DBB5-8DF4-0543-D0D1C81DE701.jpg]
[www.trampolineisrael.co.il/css/styles.css8ce8.css]
[cdn.exiteme.com/exitetogo/www.trampolineisrael.co.il/gallery/ABD77ADC-6687-1AAB-A9A9-566119DAB027.jpg]
[res.cloudinary.com/exite/image/upload/c_scale,w_auto/exitetogo/www.trampolineisrael.co.il/gallery/ABD77ADC-6687-1AAB-A9A9-566119DAB027.jpg]
[cdn.exiteme.com/exitetogo/www.trampolineisrael.co.il/gallery/6997A9A5-EA87-A8C9-D62D-EFB71A673359.jpg]
[res.cloudinary.com/exite/image/upload/c_scale,w_auto/exitetogo/www.trampolineisrael.co.il/gallery/6997A9A5-EA87-A8C9-D62D-EFB71A673359.jpg]
[cdn.exiteme.com/exitetogo/www.trampolineisrael.co.il/gallery/550CF1AD-4D79-31A4-C364-33E48FB646EF.jpg]
[res.cloudinary.com/exite/image/upload/c_scale,w_auto/exitetogo/www.trampolineisrael.co.il/gallery/550CF1AD-4D79-31A4-C364-33E48FB646EF.jpg]
[res.cloudinary.com/exite/image/upload/c_scale,w_auto/exitetogo/www.trampolineisrael.co.il/gallery/37CFC041-7149-BAA2-6CB3-16ED7B48473E.jpg]
[cdn.exiteme.com/exitetogo/www.trampolineisrael.co.il/gallery/02E948C8-A238-A0D7-BCD1-659FF1BC8053.jpg]
[res.cloudinary.com/exite/image/upload/c_scale,w_auto/exitetogo/www.trampolineisrael.co.il/gallery/02E948C8-A238-A0D7-BCD1-659FF1BC8053.jpg]
[cdn.exiteme.com/exitetogo/www.trampolineisrael.co.il/gallery/DCF638F7-6573-DD72-1CD7-0B77B7D8202A.jpg]
[res.cloudinary.com/exite/image/upload/c_scale,w_auto/exitetogo/www.trampolineisrael.co.il/gallery/DCF638F7-6573-DD72-1CD7-0B77B7D8202A.jpg]
[cdn.exiteme.com/exitetogo/www.trampolineisrael.co.il/gallery/EE84D158-34BD-0CB3-1C6B-809C1AB94561.jpg]
[res.cloudinary.com/exite/image/upload/c_scale,w_auto/exitetogo/www.trampolineisrael.co.il/gallery/EE84D158-34BD-0CB3-1C6B-809C1AB94561.jpg]
[cdn.exiteme.com/exitetogo/www.trampolineisrael.co.il/gallery/F204094F-DB96-9DC1-8705-327203E40E1F.jpg]
[res.cloudinary.com/exite/image/upload/c_scale,w_auto/exitetogo/www.trampolineisrael.co.il/gallery/F204094F-DB96-9DC1-8705-327203E40E1F.jpg]
[cdn.exiteme.com/exitetogo/www.trampolineisrael.co.il/gallery/CECD02C2-6466-1EB5-8549-E0D00DD5159E.jpg]
[res.cloudinary.com/exite/image/upload/c_scale,w_auto/exitetogo/www.trampolineisrael.co.il/gallery/CECD02C2-6466-1EB5-8549-E0D00DD5159E.jpg]
[cdn.exiteme.com/exitetogo/www.trampolineisrael.co.il/gallery/F3E7389B-BB15-5BE1-B7A7-D8B3DD6FBF62.jpg]
[res.cloudinary.com/exite/image/upload/c_scale,w_auto/exitetogo/www.trampolineisrael.co.il/gallery/F3E7389B-BB15-5BE1-B7A7-D8B3DD6FBF62.jpg]
[cdn.exiteme.com/exitetogo/www.trampolineisrael.co.il/gallery/22BFF506-D559-1305-5060-DCD541817A24.jpg]
[res.cloudinary.com/exite/image/upload/c_scale,w_auto/exitetogo/www.trampolineisrael.co.il/gallery/22BFF506-D559-1305-5060-DCD541817A24.jpg]
[cdn.exiteme.com/exitetogo/www.trampolineisrael.co.il/gallery/D735EF6D-AA01-7090-F5DC-1CEF28B6104E.jpg]
[res.cloudinary.com/exite/image/upload/c_scale,w_auto/exitetogo/www.trampolineisrael.co.il/gallery/D735EF6D-AA01-7090-F5DC-1CEF28B6104E.jpg]
[cdn.exiteme.com/exitetogo/www.trampolineisrael.co.il/gallery/0AAF8DFF-3B6C-C1E2-B9E5-F25A2540953C.png]
[res.cloudinary.com/exite/image/upload/c_scale,w_auto/exitetogo/www.trampolineisrael.co.il/gallery/0AAF8DFF-3B6C-C1E2-B9E5-F25A2540953C.png]
[cdn.exiteme.com/exitetogo/www.trampolineisrael.co.il/gallery/04FC0D13-74E6-DCD6-C23C-588494CC13BC.jpg]
[res.cloudinary.com/exite/image/upload/c_scale,w_auto/exitetogo/www.trampolineisrael.co.il/gallery/04FC0D13-74E6-DCD6-C23C-588494CC13BC.jpg]
[cdn.exiteme.com/exitetogo/www.trampolineisrael.co.il/gallery/7C23B1BF-AC8A-B627-015C-5F01CC883189.jpg]
[res.cloudinary.com/exite/image/upload/c_scale,w_auto/exitetogo/www.trampolineisrael.co.il/gallery/7C23B1BF-AC8A-B627-015C-5F01CC883189.jpg]
[cdn.exiteme.com/exitetogo/www.trampolineisrael.co.il/gallery/CBD2594B-B305-333A-76B8-B939A264C7DE.jpg]
[res.cloudinary.com/exite/image/upload/c_scale,w_auto/exitetogo/www.trampolineisrael.co.il/gallery/CBD2594B-B305-333A-76B8-B939A264C7DE.jpg]
[cdn.exiteme.com/exitetogo/www.trampolineisrael.co.il/gallery/81883460-C37C-6217-71CB-F4E849CFD766.jpg]
[res.cloudinary.com/exite/image/upload/c_scale,w_auto/exitetogo/www.trampolineisrael.co.il/gallery/81883460-C37C-6217-71CB-F4E849CFD766.jpg]
[cdn.exiteme.com/exitetogo/www.trampolineisrael.co.il/gallery/C56C03A7-DA4E-309F-540D-53CD6B379B5F.jpg]
[res.cloudinary.com/exite/image/upload/c_scale,w_auto/exitetogo/www.trampolineisrael.co.il/gallery/C56C03A7-DA4E-309F-540D-53CD6B379B5F.jpg]
[cdn.exiteme.com/exitetogo/www.trampolineisrael.co.il/gallery/97A718C5-28C1-1E35-89A5-64BEA066B2CB.jpg]
[res.cloudinary.com/exite/image/upload/c_scale,w_auto/exitetogo/www.trampolineisrael.co.il/gallery/97A718C5-28C1-1E35-89A5-64BEA066B2CB.jpg]
[cdn.exiteme.com/exitetogo/www.trampolineisrael.co.il/gallery/A5726792-A27C-2B05-3870-AECAC628311E.jpg]
[res.cloudinary.com/exite/image/upload/c_scale,w_auto/exitetogo/www.trampolineisrael.co.il/gallery/A5726792-A27C-2B05-3870-AECAC628311E.jpg]
[cdn.exiteme.com/exitetogo/www.trampolineisrael.co.il/gallery/19D9033B-7AB1-81BA-6C71-226646BEB277.jpg]
[res.cloudinary.com/exite/image/upload/c_scale,w_auto/exitetogo/www.trampolineisrael.co.il/gallery/19D9033B-7AB1-81BA-6C71-226646BEB277.jpg]
[cdn.exiteme.com/exitetogo/www.trampolineisrael.co.il/gallery/D22AF03C-C69A-07B0-19D8-D9E91456A5EE.jpg]
[res.cloudinary.com/exite/image/upload/c_scale,w_auto/exitetogo/www.trampolineisrael.co.il/gallery/D22AF03C-C69A-07B0-19D8-D9E91456A5EE.jpg]
[cdn.exiteme.com/exitetogo/www.trampolineisrael.co.il/gallery/0D9943E5-3F65-227B-6218-19D6D9960743.jpg]
[res.cloudinary.com/exite/image/upload/c_scale,w_auto/exitetogo/www.trampolineisrael.co.il/gallery/0D9943E5-3F65-227B-6218-19D6D9960743.jpg]
[cdn.exiteme.com/exitetogo/www.trampolineisrael.co.il/gallery/590A3A44-E341-5E04-48BE-EB977C6C441E.jpg]
[res.cloudinary.com/exite/image/upload/c_scale,w_auto/exitetogo/www.trampolineisrael.co.il/gallery/590A3A44-E341-5E04-48BE-EB977C6C441E.jpg]
[cdn.exiteme.com/exitetogo/www.trampolineisrael.co.il/gallery/47AEF853-F508-538B-B8F2-2ED82F7CA5F3.jpg]
[res.cloudinary.com/exite/image/upload/c_scale,w_auto/exitetogo/www.trampolineisrael.co.il/gallery/47AEF853-F508-538B-B8F2-2ED82F7CA5F3.jpg]
[cdn.exiteme.com/exitetogo/www.trampolineisrael.co.il/gallery/86D0C9B2-5ED2-ACA3-F8FF-07BED07FFE82.jpg]
[res.cloudinary.com/exite/image/upload/c_scale,w_auto/exitetogo/www.trampolineisrael.co.il/gallery/86D0C9B2-5ED2-ACA3-F8FF-07BED07FFE82.jpg]
[cdn.exiteme.com/exitetogo/www.trampolineisrael.co.il/gallery/E2644F97-53DA-F2AF-A900-69F037FC115C.jpg]
[res.cloudinary.com/exite/image/upload/c_scale,w_auto/exitetogo/www.trampolineisrael.co.il/gallery/E2644F97-53DA-F2AF-A900-69F037FC115C.jpg]
[www.trampolineisrael.co.il/category/חלקי-חילוף-לרכב.html]
[cdn.exiteme.com/exitetogo/www.trampolineisrael.co.il/gallery/sitepics/A48E1E58-0E04-6DFD-0439-5602D1E825F0.jpg]
[www.trampolineisrael.co.il/js/rwd.js.responsived1b9.php]
[res.cloudinary.com/exite/image/upload/f_auto/exitetogo/www.trampolineisrael.co.il/gallery/sitepics/A48E1E58-0E04-6DFD-0439-5602D1E825F0.jpg]
[www.trampolineisrael.co.il/css/styles.cssabb8.css]
[cdn.exiteme.com/css/dropzonef326.css]
[cdn.exiteme.com/js/dropzone.js]
[www.trampolineisrael.co.il/js/exite_dz.js]
[www.trampolineisrael.co.il/js/customFormFileb0af.js]
[www.trampolineisrael.co.il/js/placeholder.js]
[www.trampolineisrael.co.il/category/צרו-קשר.html]
[www.trampolineisrael.co.il/iframeCustomForm00cd.html]
[www.trampolineisrael.co.il/css/rwd-post.cssb996.css]
[www.trampolineisrael.co.il/css/styles.cssc965.css]
[www.trampolineisrael.co.il/css/styles.css0707.css]
[www.trampolineisrael.co.il/css/styles.css85f4.css]
[www.trampolineisrael.co.il/css/styles.css2b24.css]
[www.trampolineisrael.co.il/css/styles.css8ce8.css]
[www.trampolineisrael.co.il/css/styles.cssabb8.css]
[www.trampolineisrael.co.il/js/rwd.js.responsiveaced.php]
[cdn.exiteme.com/js/gallery/jquery-ui-1.9.2.custom.min.js]
[cdn.exiteme.com/exitetogo/www.trampolineisrael.co.il/gallery/sitepics/6541DCC1-2627-74BD-FA8F-B4D26DF9CCAA.jpg]
[cdn.exiteme.com/exitetogo/www.trampolineisrael.co.il/gallery/tumbs/6541DCC1-2627-74BD-FA8F-B4D26DF9CCAA.jpg]
[cdn.exiteme.com/exitetogo/www.trampolineisrael.co.il/gallery/sitepics/5EF91B55-0225-5172-AC91-61E57CD41181.jpg]
[cdn.exiteme.com/exitetogo/www.trampolineisrael.co.il/gallery/tumbs/5EF91B55-0225-5172-AC91-61E57CD41181.jpg]
[cdn.exiteme.com/exitetogo/www.trampolineisrael.co.il/gallery/sitepics/02E6EFCA-9645-D0F0-B772-B201180D76A4.jpg]
[cdn.exiteme.com/exitetogo/www.trampolineisrael.co.il/gallery/tumbs/02E6EFCA-9645-D0F0-B772-B201180D76A4.jpg]
[cdn.exiteme.com/exitetogo/www.trampolineisrael.co.il/gallery/sitepics/7E8ED3D1-65A3-9E14-9947-0566E3947306.jpg]
[www.trampolineisrael.co.il/js/gallery/slider/galleria.js]
[cdn.exiteme.com/exitetogo/www.trampolineisrael.co.il/gallery/tumbs/7E8ED3D1-65A3-9E14-9947-0566E3947306.jpg]
[www.trampolineisrael.co.il/css/styles.css6cd3.css]
[www.trampolineisrael.co.il/css/styles.css6cd3.css]
[www.trampolineisrael.co.il/js/gallery/slider/galleria.dots.js]
[cdn.exiteme.com/exitetogo/www.trampolineisrael.co.il/gallery/64EA4F90-CBBE-FFDD-B731-106B62F3AC1C.jpg]
[cdn.exiteme.com/images/pixel.png]
[www.trampolineisrael.co.il/js/jquery.vticker.js]
[cdn.exiteme.com/exitetogo/www.trampolineisrael.co.il/gallery/12BE73E9-30A1-D179-B09A-173ACC5FFE65.jpg]
[res.cloudinary.com/exite/image/upload/c_scale,w_auto/exitetogo/www.trampolineisrael.co.il/gallery/64EA4F90-CBBE-FFDD-B731-106B62F3AC1C.jpg]
[res.cloudinary.com/exite/image/upload/c_scale,w_auto/exitetogo/www.trampolineisrael.co.il/gallery/12BE73E9-30A1-D179-B09A-173ACC5FFE65.jpg]
[cdn.exiteme.com/exitetogo/www.trampolineisrael.co.il/gallery/0EBBA6DD-98C1-6FA6-01B2-B439CB3846BB.jpg]
[cdn.exiteme.com/exitetogo/www.trampolineisrael.co.il/gallery/59CF47A9-7F1E-B03C-E34C-380495D5FB8B.jpg]
[res.cloudinary.com/exite/image/upload/c_scale,w_auto/exitetogo/www.trampolineisrael.co.il/gallery/59CF47A9-7F1E-B03C-E34C-380495D5FB8B.jpg]
[res.cloudinary.com/exite/image/upload/c_scale,w_auto/exitetogo/www.trampolineisrael.co.il/gallery/0EBBA6DD-98C1-6FA6-01B2-B439CB3846BB.jpg]
[cdn.exiteme.com/exitetogo/www.trampolineisrael.co.il/gallery/280406BF-2F49-1BC3-48E7-CC9394517E5C.jpg]
[cdn.exiteme.com/exitetogo/www.trampolineisrael.co.il/gallery/96F0BCE8-39A7-8646-C40D-648A59272613.jpg]
[res.cloudinary.com/exite/image/upload/c_scale,w_auto/exitetogo/www.trampolineisrael.co.il/gallery/280406BF-2F49-1BC3-48E7-CC9394517E5C.jpg]
[www.trampolineisrael.co.il/js/gallery/slider/loader.gif]
[cdn.exiteme.com/exitetogo/www.trampolineisrael.co.il/gallery/97D0AFA5-0794-E1A6-76F1-6745997E97C8.png]
[cdn.exiteme.com/exitetogo/www.trampolineisrael.co.il/gallery/96F0FBB7-EE60-4ABA-3EF0-42FCA3443467.jpg]
[res.cloudinary.com/exite/image/upload/c_scale,w_auto/exitetogo/www.trampolineisrael.co.il/gallery/96F0BCE8-39A7-8646-C40D-648A59272613.jpg]
[res.cloudinary.com/exite/image/upload/c_scale,w_auto/exitetogo/www.trampolineisrael.co.il/gallery/96F0FBB7-EE60-4ABA-3EF0-42FCA3443467.jpg]
[cdn.exiteme.com/exitetogo/www.trampolineisrael.co.il/gallery/40900CA8-74F0-C5EF-B701-5302D8DE0CF3.jpg]
[www.trampolineisrael.co.il/js/gallery/slider/l.png]
[res.cloudinary.com/exite/image/upload/c_scale,w_auto/exitetogo/www.trampolineisrael.co.il/gallery/97D0AFA5-0794-E1A6-76F1-6745997E97C8.png]
[res.cloudinary.com/exite/image/upload/c_scale,w_auto/exitetogo/www.trampolineisrael.co.il/gallery/40900CA8-74F0-C5EF-B701-5302D8DE0CF3.jpg]
[cdn.exiteme.com/js/jquery.matchHeight-min.js]
[cdn.exiteme.com/exitetogo/www.trampolineisrael.co.il/gallery/14B9B4D0-48F1-CC3F-E7A8-4A41562BE41A.jpg]
[res.cloudinary.com/exite/image/upload/c_scale,w_auto/exitetogo/www.trampolineisrael.co.il/gallery/14B9B4D0-48F1-CC3F-E7A8-4A41562BE41A.jpg]
[www.trampolineisrael.co.il/js/rwd.js.responsiveaba9.php]
[www.trampolineisrael.co.il/js/gallery/slider/r.png]
[www.trampolineisrael.co.il/js/gallery/slider/galleria.dots.css]
[cdn.exiteme.com/js/countdown/startc987.js]
[cdn.exiteme.com/js/jquery.lazy.min.js]
[cdn.exiteme.com/exitetogo/www.trampolineisrael.co.il/gallery/sitepics/C83B153A-2ACB-23C0-2622-C02B6CE69D08.jpg]
[www.trampolineisrael.co.il/js/logger.js]
[cdn.exiteme.com/images/arrow-up-exite.png]
[cdn.exiteme.com/exitetogo/www.trampolineisrael.co.il/gallery/sitepics/EDF1D1F7-0DF4-9EAC-1D57-E4F68464101B.jpg]
[www.trampolineisrael.co.il/iframeCustomForm00cd.html]
[cdn.exiteme.com/exitetogo/www.trampolineisrael.co.il/gallery/sitepics/EB10E9DA-0E0C-B811-89F9-3F1178F74288.jpg]
[cdn.exiteme.com/exitetogo/www.trampolineisrael.co.il/gallery/tumbs/EB10E9DA-0E0C-B811-89F9-3F1178F74288.jpg]
[cdn.exiteme.com/exitetogo/www.trampolineisrael.co.il/gallery/sitepics/4ACEFD81-BD86-CBAD-0085-338BB07B2DED.jpg]
[cdn.exiteme.com/exitetogo/www.trampolineisrael.co.il/gallery/tumbs/4ACEFD81-BD86-CBAD-0085-338BB07B2DED.jpg]
[connect.facebook.net/he_IL/sdk.js]
[res.cloudinary.com/exite/image/upload/f_auto/exitetogo/www.trampolineisrael.co.il/gallery/sitepics/58DEC231-C572-E2AA-F798-332CECB1CE6B.jpg]
[cdn.exiteme.com/js/isotope.pkgd.min.js]
[cdn.exiteme.com/js/imagesloaded.pkgd.min.js]
[www.trampolineisrael.co.il/js/rwd.js.responsiveab73.php]
[cdn.exiteme.com/images/pic_loading.png]
[cdn.exiteme.com/exitetogo/www.trampolineisrael.co.il/gallery/sitepics/5748D18D-C0ED-7680-B355-F722BAF6EF5D.jpg]
[res.cloudinary.com/exite/image/fetch/c_fill,g_faces,w_auto,h_119/http_/img.youtube.com/vi/FNiBprntx0w/mqdefault.jpg]
[www.trampolineisrael.co.il/js/rwd.js.responsiveb00b.php]
[cdn.exiteme.com/exitetogo/www.trampolineisrael.co.il/gallery/E123865D-45A1-FAAD-913A-C8C4F89A0A595a27.jpg]
[cdn.exiteme.com/exitetogo/www.trampolineisrael.co.il/gallery/E123865D-45A1-FAAD-913A-C8C4F89A0A59.jpg]
[res.cloudinary.com/exite/image/upload/f_auto/exitetogo/www.trampolineisrael.co.il/gallery/sitepics/5748D18D-C0ED-7680-B355-F722BAF6EF5D.jpg]
[res.cloudinary.com/exite/image/upload/c_fill,g_faces,w_auto,h_149/exitetogo/www.trampolineisrael.co.il/gallery/E123865D-45A1-FAAD-913A-C8C4F89A0A59.jpg]
[cdn.exiteme.com/exitetogo/www.trampolineisrael.co.il/gallery/7C69FED3-3CE6-2D8D-E28E-AB7192AED8CC.jpg]
[cdn.exiteme.com/exitetogo/www.trampolineisrael.co.il/gallery/7C69FED3-3CE6-2D8D-E28E-AB7192AED8CC5a27.jpg]
[res.cloudinary.com/exite/image/upload/c_fill,g_faces,w_auto,h_149/exitetogo/www.trampolineisrael.co.il/gallery/7C69FED3-3CE6-2D8D-E28E-AB7192AED8CC.jpg]
[cdn.exiteme.com/exitetogo/www.trampolineisrael.co.il/gallery/864FFC96-D4DC-C897-A7DB-1CF23F7320E4.jpg]
[cdn.exiteme.com/css/fa/webfonts/fa-brands-400.svg]
[cdn.exiteme.com/exitetogo/www.trampolineisrael.co.il/gallery/864FFC96-D4DC-C897-A7DB-1CF23F7320E45a27.jpg]
[res.cloudinary.com/exite/image/upload/c_fill,g_faces,w_auto,h_149/exitetogo/www.trampolineisrael.co.il/gallery/864FFC96-D4DC-C897-A7DB-1CF23F7320E4.jpg]
[cdn.exiteme.com/exitetogo/www.trampolineisrael.co.il/gallery/113E160F-DBFD-3256-0336-2E00DB1B0ABC.jpg]
[cdn.exiteme.com/exitetogo/www.trampolineisrael.co.il/gallery/113E160F-DBFD-3256-0336-2E00DB1B0ABC5a27.jpg]
[res.cloudinary.com/exite/image/upload/c_fill,g_faces,w_auto,h_149/exitetogo/www.trampolineisrael.co.il/gallery/113E160F-DBFD-3256-0336-2E00DB1B0ABC.jpg]
[cdn.exiteme.com/exitetogo/www.trampolineisrael.co.il/gallery/D8656606-88C3-7785-EBFF-40EA805DD1DE.jpg]
[cdn.exiteme.com/exitetogo/www.trampolineisrael.co.il/gallery/D8656606-88C3-7785-EBFF-40EA805DD1DE5a27.jpg]
[res.cloudinary.com/exite/image/upload/c_fill,g_faces,w_auto,h_149/exitetogo/www.trampolineisrael.co.il/gallery/D8656606-88C3-7785-EBFF-40EA805DD1DE.jpg]
[cdn.exiteme.com/exitetogo/www.trampolineisrael.co.il/gallery/EEDF7846-3CBD-080B-D11C-72C686F09D9B.jpg]
[cdn.exiteme.com/exitetogo/www.trampolineisrael.co.il/gallery/EEDF7846-3CBD-080B-D11C-72C686F09D9B5a27.jpg]
[res.cloudinary.com/exite/image/upload/c_fill,g_faces,w_auto,h_149/exitetogo/www.trampolineisrael.co.il/gallery/EEDF7846-3CBD-080B-D11C-72C686F09D9B.jpg]
[cdn.exiteme.com/css/fa/webfonts/fa-duotone-900.svg]
[cdn.exiteme.com/css/fa/css/fontawesome-all.min.css]
[cdn.exiteme.com/exitetogo/www.trampolineisrael.co.il/gallery/7D6DCC69-221F-D72A-1C0F-23DE9C5FE17E.jpg]
[cdn.exiteme.com/css/fa/webfonts/fa-light-300.svg]
[cdn.exiteme.com/js/gallery/fancybox3.3/jquery.fancybox.min9c7f.css]
[cdn.exiteme.com/css/fa/webfonts/fa-solid-900.svg]
[res.cloudinary.com/exite/image/upload/c_fill,g_faces,w_auto,h_149/exitetogo/www.trampolineisrael.co.il/gallery/7D6DCC69-221F-D72A-1C0F-23DE9C5FE17E.jpg]
[cdn.exiteme.com/exitetogo/www.trampolineisrael.co.il/gallery/7D6DCC69-221F-D72A-1C0F-23DE9C5FE17E5a27.jpg]
[cdn.exiteme.com/css/fa/webfonts/fa-regular-400.svg]
[cdnjs.cloudflare.com/ajax/libs/animate.css/4.0.0/animate.compat.css]
[cdn.exiteme.com/exitetogo/www.trampolineisrael.co.il/gallery/32196F50-DB69-1068-BA06-22A8D12210A35a27.jpg]
[cdn.exiteme.com/exitetogo/www.trampolineisrael.co.il/gallery/32196F50-DB69-1068-BA06-22A8D12210A3.jpg]
[res.cloudinary.com/exite/image/upload/c_fill,g_faces,w_auto,h_149/exitetogo/www.trampolineisrael.co.il/gallery/32196F50-DB69-1068-BA06-22A8D12210A3.jpg]
[cdn.exiteme.com/exitetogo/www.trampolineisrael.co.il/gallery/835AB055-22E4-1526-D099-476F216DB68F.jpg]
[res.cloudinary.com/exite/image/upload/c_fill,g_faces,w_auto,h_149/exitetogo/www.trampolineisrael.co.il/gallery/9391E3EF-0D32-109D-E7E0-A8567E1654F5.jpg]
[cdn.exiteme.com/css/webfonts/almoni-dl-aaa-300.eot]
[cdn.exiteme.com/exitetogo/www.trampolineisrael.co.il/gallery/835AB055-22E4-1526-D099-476F216DB68F5a27.jpg]
[cdn.exiteme.com/exitetogo/www.trampolineisrael.co.il/gallery/3EB90F93-87E3-0D9A-A3F6-02F2AC8D0D60.jpg]
[cdn.exiteme.com/exitetogo/www.trampolineisrael.co.il/gallery/3EB90F93-87E3-0D9A-A3F6-02F2AC8D0D605a27.jpg]
[res.cloudinary.com/exite/image/upload/c_fill,g_faces,w_auto,h_149/exitetogo/www.trampolineisrael.co.il/gallery/835AB055-22E4-1526-D099-476F216DB68F.jpg]
[cdn.exiteme.com/css/webfonts/almoni-dl-aaa-300d41d.eot]
[cdn.exiteme.com/exitetogo/www.trampolineisrael.co.il/gallery/03509CB3-F555-AE2E-41D6-356DEE2BE4DC.jpg]
[cdn.exiteme.com/exitetogo/www.trampolineisrael.co.il/gallery/03509CB3-F555-AE2E-41D6-356DEE2BE4DC5a27.jpg]
[res.cloudinary.com/exite/image/upload/c_fill,g_faces,w_auto,h_149/exitetogo/www.trampolineisrael.co.il/gallery/03509CB3-F555-AE2E-41D6-356DEE2BE4DC.jpg]
[res.cloudinary.com/exite/image/upload/c_fill,g_faces,w_auto,h_149/exitetogo/www.trampolineisrael.co.il/gallery/3EB90F93-87E3-0D9A-A3F6-02F2AC8D0D60.jpg]
[cdn.exiteme.com/exitetogo/www.trampolineisrael.co.il/gallery/48D5ABC0-3488-6BF4-9334-8EF32A3C55FB.jpg]
[cdn.exiteme.com/exitetogo/www.trampolineisrael.co.il/gallery/48D5ABC0-3488-6BF4-9334-8EF32A3C55FB5a27.jpg]
[res.cloudinary.com/exite/image/upload/c_fill,g_faces,w_auto,h_149/exitetogo/www.trampolineisrael.co.il/gallery/48D5ABC0-3488-6BF4-9334-8EF32A3C55FB.jpg]
[cdn.exiteme.com/css/webfonts/almoni-dl-aaa-300.woff]
[cdn.exiteme.com/exitetogo/www.trampolineisrael.co.il/gallery/BDF3DE7F-C4E6-AF25-7764-D1B98AF7835F.jpg]
[res.cloudinary.com/exite/image/upload/c_fill,g_faces,w_auto,h_149/exitetogo/www.trampolineisrael.co.il/gallery/E37D3B23-758A-42DC-7F41-EE3F1BF8AF2F.jpg]
[cdn.exiteme.com/css/webfonts/almoni-dl-aaa-300.ttf]
[cdn.exiteme.com/css/webfonts/almoni-dl-aaa-300.svg]
[res.cloudinary.com/exite/image/upload/c_fill,g_faces,w_auto,h_149/exitetogo/www.trampolineisrael.co.il/gallery/BDF3DE7F-C4E6-AF25-7764-D1B98AF7835F.jpg]
[cdn.exiteme.com/exitetogo/www.trampolineisrael.co.il/gallery/BDF3DE7F-C4E6-AF25-7764-D1B98AF7835F5a27.jpg]
[cdn.exiteme.com/exitetogo/www.trampolineisrael.co.il/gallery/0A8161E9-C75A-D26F-2187-D3533D65D02F.jpg]
[res.cloudinary.com/exite/image/upload/c_fill,g_faces,w_auto,h_149/exitetogo/www.trampolineisrael.co.il/gallery/F30821A6-AF06-E157-4570-2A923DC044CA.jpg]
[res.cloudinary.com/exite/image/upload/c_fill,g_faces,w_auto,h_149/exitetogo/www.trampolineisrael.co.il/gallery/0A8161E9-C75A-D26F-2187-D3533D65D02F.jpg]
[cdn.exiteme.com/exitetogo/www.trampolineisrael.co.il/gallery/0A8161E9-C75A-D26F-2187-D3533D65D02F5a27.jpg]
[cdn.exiteme.com/css/webfonts/almoni-dl-aaa-400.eot]
[cdn.exiteme.com/exitetogo/www.trampolineisrael.co.il/gallery/8DC798E6-8F2C-CD64-EB61-5B51106E0618.jpg]
[cdn.exiteme.com/css/webfonts/almoni-dl-aaa-400d41d.eot]
[cdn.exiteme.com/exitetogo/www.trampolineisrael.co.il/gallery/8DC798E6-8F2C-CD64-EB61-5B51106E06185a27.jpg]
[cdn.exiteme.com/css/webfonts/almoni-dl-aaa-400.woff]
[res.cloudinary.com/exite/image/upload/c_fill,g_faces,w_auto,h_149/exitetogo/www.trampolineisrael.co.il/gallery/8DC798E6-8F2C-CD64-EB61-5B51106E0618.jpg]
[cdn.exiteme.com/css/webfonts/almoni-dl-aaa-400.ttf]
[cdn.exiteme.com/css/webfonts/almoni-dl-aaa-400.svg]
[res.cloudinary.com/exite/image/upload/c_fill,g_faces,w_auto,h_149/exitetogo/www.trampolineisrael.co.il/gallery/663C4712-EC61-2FDE-CE95-834BB83E7303.jpg]
[cdn.exiteme.com/css/webfonts/almoni-dl-aaa-700.eot]
[cdn.exiteme.com/exitetogo/www.trampolineisrael.co.il/gallery/6E93361F-4E04-F06B-88C9-5633A299B5BA5a27.jpg]
[cdn.exiteme.com/exitetogo/www.trampolineisrael.co.il/gallery/6E93361F-4E04-F06B-88C9-5633A299B5BA.jpg]
[res.cloudinary.com/exite/image/upload/c_fill,g_faces,w_auto,h_149/exitetogo/www.trampolineisrael.co.il/gallery/B1E014E7-A715-1855-80A2-1460775DA48D.jpg]
[res.cloudinary.com/exite/image/upload/c_fill,g_faces,w_auto,h_149/exitetogo/www.trampolineisrael.co.il/gallery/6E93361F-4E04-F06B-88C9-5633A299B5BA.jpg]
[res.cloudinary.com/exite/image/upload/c_fill,g_faces,w_auto,h_149/exitetogo/www.trampolineisrael.co.il/gallery/190F2CBC-122B-EC9E-19D4-3D292F1519A1.jpg]
[cdn.exiteme.com/css/webfonts/almoni-dl-aaa-700d41d.eot]
[cdn.exiteme.com/css/webfonts/almoni-dl-aaa-700.woff]
[cdn.exiteme.com/css/webfonts/almoni-dl-aaa-700.ttf]
[res.cloudinary.com/exite/image/upload/c_fill,g_faces,w_auto,h_149/exitetogo/www.trampolineisrael.co.il/gallery/8847AAAE-EA07-02F4-E728-DA4E6F781646.jpg]
[cdn.exiteme.com/css/webfonts/almoni-dl-aaa-700.svg]
[cdn.exiteme.com/exitetogo/www.trampolineisrael.co.il/gallery/81062C95-9F42-D715-5BF8-182219C0B1D05a27.jpg]
[cdn.exiteme.com/exitetogo/www.trampolineisrael.co.il/gallery/81062C95-9F42-D715-5BF8-182219C0B1D0.jpg]
[cdn.exiteme.com/exitetogo/www.trampolineisrael.co.il/gallery/F73234E3-91B5-B17A-AFF3-285E679F87A4.jpg]
[res.cloudinary.com/exite/image/upload/c_fill,g_faces,w_auto,h_149/exitetogo/www.trampolineisrael.co.il/gallery/81062C95-9F42-D715-5BF8-182219C0B1D0.jpg]
[cdn.exiteme.com/css/webfonts/almoni-dl-aaa-900.eot]
[cdn.exiteme.com/exitetogo/www.trampolineisrael.co.il/gallery/F73234E3-91B5-B17A-AFF3-285E679F87A45a27.jpg]
[cdn.exiteme.com/exitetogo/www.trampolineisrael.co.il/gallery/65E08C0C-C0AC-8C83-65AE-80FC0235803C.jpg]
[cdn.exiteme.com/exitetogo/www.trampolineisrael.co.il/gallery/65E08C0C-C0AC-8C83-65AE-80FC0235803C5a27.jpg]
[res.cloudinary.com/exite/image/upload/c_fill,g_faces,w_auto,h_149/exitetogo/www.trampolineisrael.co.il/gallery/F73234E3-91B5-B17A-AFF3-285E679F87A4.jpg]
[cdn.exiteme.com/css/webfonts/almoni-dl-aaa-900d41d.eot]
[cdn.exiteme.com/exitetogo/www.trampolineisrael.co.il/gallery/0E22F68F-6D2F-1CD1-6619-A1103CE41979.jpg]
[cdn.exiteme.com/exitetogo/www.trampolineisrael.co.il/gallery/0E22F68F-6D2F-1CD1-6619-A1103CE419795a27.jpg]
[res.cloudinary.com/exite/image/upload/c_fill,g_faces,w_auto,h_149/exitetogo/www.trampolineisrael.co.il/gallery/65E08C0C-C0AC-8C83-65AE-80FC0235803C.jpg]
[res.cloudinary.com/exite/image/upload/c_fill,g_faces,w_auto,h_149/exitetogo/www.trampolineisrael.co.il/gallery/0E22F68F-6D2F-1CD1-6619-A1103CE41979.jpg]
[cdn.exiteme.com/css/webfonts/almoni-dl-aaa-900.woff]
[cdn.exiteme.com/exitetogo/www.trampolineisrael.co.il/gallery/DB6512CC-3E03-C536-2D0B-947661D6472E.jpg]
[cdn.exiteme.com/exitetogo/www.trampolineisrael.co.il/gallery/DB6512CC-3E03-C536-2D0B-947661D6472E5a27.jpg]
[cdn.exiteme.com/exitetogo/www.trampolineisrael.co.il/gallery/38B0E706-2A8F-6925-C6D6-FD45F5A60D4C.jpg]
[res.cloudinary.com/exite/image/upload/c_fill,g_faces,w_auto,h_149/exitetogo/www.trampolineisrael.co.il/gallery/DB6512CC-3E03-C536-2D0B-947661D6472E.jpg]
[cdn.exiteme.com/css/webfonts/almoni-dl-aaa-900.ttf]
[cdn.exiteme.com/exitetogo/www.trampolineisrael.co.il/gallery/38B0E706-2A8F-6925-C6D6-FD45F5A60D4C5a27.jpg]
[res.cloudinary.com/exite/image/upload/c_fill,g_faces,w_auto,h_149/exitetogo/www.trampolineisrael.co.il/gallery/38B0E706-2A8F-6925-C6D6-FD45F5A60D4C.jpg]
[cdn.exiteme.com/css/webfonts/almoni-dl-aaa-900.svg]
[cdn.exiteme.com/css/he_fonts.css]
[cdn.exiteme.com/exitetogo/www.trampolineisrael.co.il/gallery/FA62F150-9262-A6DC-AE5D-680E9AF03068.jpg]
[cdn.exiteme.com/exitetogo/www.trampolineisrael.co.il/gallery/961C58EF-73C7-27CD-8757-105604B1718C5a27.jpg]
[res.cloudinary.com/exite/image/upload/c_fill,g_faces,w_auto,h_149/exitetogo/www.trampolineisrael.co.il/gallery/961C58EF-73C7-27CD-8757-105604B1718C.jpg]
[cdn.exiteme.com/exitetogo/www.trampolineisrael.co.il/gallery/FA62F150-9262-A6DC-AE5D-680E9AF030685a27.jpg]
[cdn.exiteme.com/css/animate.css]
[res.cloudinary.com/exite/image/upload/c_fill,g_faces,w_auto,h_149/exitetogo/www.trampolineisrael.co.il/gallery/FA62F150-9262-A6DC-AE5D-680E9AF03068.jpg]
[cdn.exiteme.com/exitetogo/www.trampolineisrael.co.il/gallery/FD53EBC5-56C9-7EC9-361F-7320466DBA66.jpg]
[cdn.exiteme.com/exitetogo/www.trampolineisrael.co.il/gallery/FD53EBC5-56C9-7EC9-361F-7320466DBA665a27.jpg]
[cdn.exiteme.com/exitetogo/www.trampolineisrael.co.il/images/background.png]
[cdn.exiteme.com/exitetogo/www.trampolineisrael.co.il/images/zoom_gallery.png]
[res.cloudinary.com/exite/image/upload/c_fill,g_faces,w_auto,h_149/exitetogo/www.trampolineisrael.co.il/gallery/FD53EBC5-56C9-7EC9-361F-7320466DBA66.jpg]
[cdn.exiteme.com/exitetogo/www.trampolineisrael.co.il/gallery/195D8CF0-566C-5DC1-B99F-E2AD6A79AB65.jpg]
[cdn.exiteme.com/exitetogo/www.trampolineisrael.co.il/gallery/195D8CF0-566C-5DC1-B99F-E2AD6A79AB655a27.jpg]
[cdn.exiteme.com/exitetogo/www.trampolineisrael.co.il/images/select_arrow_down2.png]
[res.cloudinary.com/exite/image/upload/c_fill,g_faces,w_auto,h_149/exitetogo/www.trampolineisrael.co.il/gallery/195D8CF0-566C-5DC1-B99F-E2AD6A79AB65.jpg]
[cdn.exiteme.com/exitetogo/www.trampolineisrael.co.il/gallery/46B6F4D6-A98C-B384-C1D2-B5C5C5F07F4F.jpg]
[cdn.exiteme.com/exitetogo/www.trampolineisrael.co.il/gallery/46B6F4D6-A98C-B384-C1D2-B5C5C5F07F4F5a27.jpg]
[res.cloudinary.com/exite/image/upload/c_fill,g_faces,w_auto,h_149/exitetogo/www.trampolineisrael.co.il/gallery/46B6F4D6-A98C-B384-C1D2-B5C5C5F07F4F.jpg]
[cdn.exiteme.com/exitetogo/www.trampolineisrael.co.il/gallery/CD6C2DD1-B649-CE0F-B7C2-77E8C1825ACD.jpg]
[cdn.exiteme.com/exitetogo/www.trampolineisrael.co.il/gallery/CD6C2DD1-B649-CE0F-B7C2-77E8C1825ACD5a27.jpg]
[res.cloudinary.com/exite/image/upload/c_fill,g_faces,w_auto,h_149/exitetogo/www.trampolineisrael.co.il/gallery/CD6C2DD1-B649-CE0F-B7C2-77E8C1825ACD.jpg]
[cdn.exiteme.com/exitetogo/www.trampolineisrael.co.il/gallery/2D2036B2-F35B-AD3E-5862-509A00146CFB.jpg]
[cdn.exiteme.com/exitetogo/www.trampolineisrael.co.il/gallery/2D2036B2-F35B-AD3E-5862-509A00146CFB5a27.jpg]
[www.trampolineisrael.co.il/css/styles.cssc965.css]
[res.cloudinary.com/exite/image/upload/c_fill,g_faces,w_auto,h_149/exitetogo/www.trampolineisrael.co.il/gallery/2D2036B2-F35B-AD3E-5862-509A00146CFB.jpg]
[www.trampolineisrael.co.il/css/styles.cssc965.css]
[cdn.exiteme.com/exitetogo/www.trampolineisrael.co.il/gallery/3C395EE8-34B5-9014-080B-B921B6227364.jpg]
[cdn.exiteme.com/exitetogo/www.trampolineisrael.co.il/gallery/3C395EE8-34B5-9014-080B-B921B62273645a27.jpg]
[res.cloudinary.com/exite/image/upload/c_fill,g_faces,w_auto,h_149/exitetogo/www.trampolineisrael.co.il/gallery/3C395EE8-34B5-9014-080B-B921B6227364.jpg]
[cdn.exiteme.com/exitetogo/www.trampolineisrael.co.il/gallery/1E36D202-5F00-DA3D-1B43-12FA677B521D.jpg]
[res.cloudinary.com/exite/image/upload/c_fill,g_faces,w_auto,h_149/exitetogo/www.trampolineisrael.co.il/gallery/1E36D202-5F00-DA3D-1B43-12FA677B521D.jpg]
[cdn.exiteme.com/exitetogo/www.trampolineisrael.co.il/gallery/1E36D202-5F00-DA3D-1B43-12FA677B521D5a27.jpg]
[cdn.exiteme.com/exitetogo/www.trampolineisrael.co.il/gallery/E63DF963-71BE-2723-98E8-9A3DB2C8E2B2.jpg]
[cdn.exiteme.com/exitetogo/www.trampolineisrael.co.il/gallery/E63DF963-71BE-2723-98E8-9A3DB2C8E2B25a27.jpg]
[cdn.exiteme.com/exitetogo/www.trampolineisrael.co.il/gallery/27376D97-2DBA-D449-583F-238E1853238E.jpg]
[res.cloudinary.com/exite/image/upload/c_fill,g_faces,w_auto,h_149/exitetogo/www.trampolineisrael.co.il/gallery/E63DF963-71BE-2723-98E8-9A3DB2C8E2B2.jpg]
[cdn.exiteme.com/exitetogo/www.trampolineisrael.co.il/gallery/27376D97-2DBA-D449-583F-238E1853238E5a27.jpg]
[www.trampolineisrael.co.il/css/styles.css0707.css]
[res.cloudinary.com/exite/image/upload/c_fill,g_faces,w_auto,h_149/exitetogo/www.trampolineisrael.co.il/gallery/27376D97-2DBA-D449-583F-238E1853238E.jpg]
[cdn.exiteme.com/exitetogo/www.trampolineisrael.co.il/gallery/A4EED51E-3BDD-9FF9-50EF-4F0C61C64377.jpg]
[cdn.exiteme.com/exitetogo/www.trampolineisrael.co.il/gallery/A4EED51E-3BDD-9FF9-50EF-4F0C61C643775a27.jpg]
[www.trampolineisrael.co.il/css/styles.css0707.css]
[cdn.exiteme.com/exitetogo/www.trampolineisrael.co.il/gallery/sitepics/543DAF22-7974-4F2C-C758-8190646A1A08.jpg]
[res.cloudinary.com/exite/image/upload/c_fill,g_faces,w_auto,h_149/exitetogo/www.trampolineisrael.co.il/gallery/A4EED51E-3BDD-9FF9-50EF-4F0C61C64377.jpg]
[cdn.exiteme.com/exitetogo/www.trampolineisrael.co.il/gallery/sitepics/FE4DB034-86F5-8553-C5D3-4BE9FB2ABBE2.jpg]
[cdn.exiteme.com/exitetogo/www.trampolineisrael.co.il/gallery/tumbs/FE4DB034-86F5-8553-C5D3-4BE9FB2ABBE2.jpg]
[www.trampolineisrael.co.il/js/rwd.js.responsiveba59.php]
[cdn.exiteme.com/exitetogo/www.trampolineisrael.co.il/gallery/sitepics/006EFB9A-910C-4FEF-5202-24531EE7C587.jpg]
[cdn.exiteme.com/exitetogo/www.trampolineisrael.co.il/gallery/tumbs/006EFB9A-910C-4FEF-5202-24531EE7C587.jpg]
[cdn.exiteme.com/exitetogo/www.trampolineisrael.co.il/gallery/sitepics/CE6CA636-57EB-8864-37C1-086E63772315.jpg]
[cdn.exiteme.com/exitetogo/www.trampolineisrael.co.il/gallery/tumbs/CE6CA636-57EB-8864-37C1-086E63772315.jpg]
[cdn.exiteme.com/exitetogo/www.trampolineisrael.co.il/gallery/sitepics/56BFA314-18B0-4358-D291-D583A9E57E6E.jpg]
[www.trampolineisrael.co.il/css/styles.css85f4.css]
[www.trampolineisrael.co.il/css/styles.css85f4.css]
[cdn.exiteme.com/exitetogo/www.trampolineisrael.co.il/gallery/tumbs/56BFA314-18B0-4358-D291-D583A9E57E6E.jpg]
[cdn.exiteme.com/exitetogo/www.trampolineisrael.co.il/gallery/sitepics/7DB7731E-DBB5-8DF4-0543-D0D1C81DE701.png]
[res.cloudinary.com/exite/image/upload/f_auto/exitetogo/www.trampolineisrael.co.il/gallery/sitepics/7DB7731E-DBB5-8DF4-0543-D0D1C81DE701.jpg]
[cdn.exiteme.com/exitetogo/www.trampolineisrael.co.il/gallery/ABD77ADC-6687-1AAB-A9A9-566119DAB027.jpg]
[www.trampolineisrael.co.il/js/rwd.js.responsive6b06.php]
[cdn.exiteme.com/exitetogo/www.trampolineisrael.co.il/gallery/6997A9A5-EA87-A8C9-D62D-EFB71A673359.jpg]
[res.cloudinary.com/exite/image/upload/c_scale,w_auto/exitetogo/www.trampolineisrael.co.il/gallery/ABD77ADC-6687-1AAB-A9A9-566119DAB027.jpg]
[res.cloudinary.com/exite/image/upload/c_scale,w_auto/exitetogo/www.trampolineisrael.co.il/gallery/6997A9A5-EA87-A8C9-D62D-EFB71A673359.jpg]
[www.trampolineisrael.co.il/css/styles.css2b24.css]
[cdn.exiteme.com/exitetogo/www.trampolineisrael.co.il/gallery/550CF1AD-4D79-31A4-C364-33E48FB646EF.jpg]
[res.cloudinary.com/exite/image/upload/c_scale,w_auto/exitetogo/www.trampolineisrael.co.il/gallery/550CF1AD-4D79-31A4-C364-33E48FB646EF.jpg]
[res.cloudinary.com/exite/image/upload/c_scale,w_auto/exitetogo/www.trampolineisrael.co.il/gallery/37CFC041-7149-BAA2-6CB3-16ED7B48473E.jpg]
[www.trampolineisrael.co.il/css/styles.css2b24.css]
[cdn.exiteme.com/exitetogo/www.trampolineisrael.co.il/gallery/02E948C8-A238-A0D7-BCD1-659FF1BC8053.jpg]
[cdn.exiteme.com/exitetogo/www.trampolineisrael.co.il/gallery/DCF638F7-6573-DD72-1CD7-0B77B7D8202A.jpg]
[res.cloudinary.com/exite/image/upload/c_scale,w_auto/exitetogo/www.trampolineisrael.co.il/gallery/02E948C8-A238-A0D7-BCD1-659FF1BC8053.jpg]
[res.cloudinary.com/exite/image/upload/c_scale,w_auto/exitetogo/www.trampolineisrael.co.il/gallery/DCF638F7-6573-DD72-1CD7-0B77B7D8202A.jpg]
[cdn.exiteme.com/exitetogo/www.trampolineisrael.co.il/gallery/EE84D158-34BD-0CB3-1C6B-809C1AB94561.jpg]
[res.cloudinary.com/exite/image/upload/c_scale,w_auto/exitetogo/www.trampolineisrael.co.il/gallery/EE84D158-34BD-0CB3-1C6B-809C1AB94561.jpg]
[cdn.exiteme.com/exitetogo/www.trampolineisrael.co.il/gallery/F204094F-DB96-9DC1-8705-327203E40E1F.jpg]
[cdn.exiteme.com/exitetogo/www.trampolineisrael.co.il/gallery/CECD02C2-6466-1EB5-8549-E0D00DD5159E.jpg]
[res.cloudinary.com/exite/image/upload/c_scale,w_auto/exitetogo/www.trampolineisrael.co.il/gallery/F204094F-DB96-9DC1-8705-327203E40E1F.jpg]
[www.trampolineisrael.co.il/css/styles.css8ce8.css]
[www.trampolineisrael.co.il/css/styles.css8ce8.css]
[cdn.exiteme.com/js/dropzone.js]
[res.cloudinary.com/exite/image/upload/f_auto/exitetogo/www.trampolineisrael.co.il/gallery/sitepics/A48E1E58-0E04-6DFD-0439-5602D1E825F0.jpg]
[www.trampolineisrael.co.il/js/exite_dz.js]
[cdn.exiteme.com/css/webfonts/almoni-dl-aaa-300.ttf]
[www.trampolineisrael.co.il/js/customFormFileb0af.js]
[www.trampolineisrael.co.il/js/placeholder.js]
[www.trampolineisrael.co.il/css/styles.cssabb8.css]
[cdn.exiteme.com/css/webfonts/almoni-dl-aaa-400.eot]
[cdn.exiteme.com/css/webfonts/almoni-dl-aaa-400d41d.eot]
[www.trampolineisrael.co.il/css/styles.cssabb8.css]
[cdn.exiteme.com/css/webfonts/almoni-dl-aaa-700.woff]
[cdn.exiteme.com/css/webfonts/almoni-dl-aaa-700.ttf]
[cdn.exiteme.com/css/webfonts/almoni-dl-aaa-400.woff]
[cdn.exiteme.com/css/webfonts/almoni-dl-aaa-400.ttf]
[ajax.googleapis.com/ajax/libs/jqueryui/1.12.1/themes/base/images/ui-icons_444444_256x240.png]
[ajax.googleapis.com/ajax/libs/jqueryui/1.12.1/themes/base/images/ui-icons_555555_256x240.png]
[cdn.exiteme.com/css/webfonts/almoni-dl-aaa-900.ttf]
[ajax.googleapis.com/ajax/libs/jqueryui/1.12.1/themes/base/images/ui-icons_ffffff_256x240.png]
[ajax.googleapis.com/ajax/libs/jqueryui/1.12.1/themes/base/images/ui-icons_777620_256x240.png]
[ajax.googleapis.com/ajax/libs/jqueryui/1.12.1/themes/base/images/ui-icons_cc0000_256x240.png]
[ajax.googleapis.com/ajax/libs/jqueryui/1.12.1/themes/base/images/ui-icons_777777_256x240.png]
[ajax.googleapis.com/ajax/libs/jqueryui/1.12.1/themes/base/jquery-ui.css]
[cdn.exiteme.com/css/dropzonef326.css]
[www.trampolineisrael.co.il/js/rwd.js.responsiveaced.php]
[cdn.exiteme.com/css/fa/webfonts/fa-brands-400.svg]
[cdn.exiteme.com/css/fa/webfonts/fa-duotone-900.svg]
[cdn.exiteme.com/css/fa/webfonts/fa-light-300.svg]
[cdn.exiteme.com/css/fa/webfonts/fa-regular-400.svg]
[cdn.exiteme.com/css/fa/webfonts/fa-solid-900.svg]
[cdn.exiteme.com/css/webfonts/almoni-dl-aaa-300.svg]
[cdn.exiteme.com/css/webfonts/almoni-dl-aaa-400.svg]
[cdn.exiteme.com/css/webfonts/almoni-dl-aaa-700.svg]
[cdn.exiteme.com/css/webfonts/almoni-dl-aaa-900.svg]
